git status
On branch master

No commits yet

Untracked files:
  (use "git add <file>..." to include in what will be committed)
        indice.txt

nothing added to commit but untracked files present (use "git add" to track)

lucasv.crifar@ED37009131P314 MINGW64 ~/libro (master)
$ cat > indice2.txt
Capitulo 1: Introduccion a Git
Capitulo 2: Flujo de trabajo básico
Capitulo 3: Repositorios remotos
lucasv.crifar@ED37009131P314 MINGW64 ~/libro (master)
$ git status
On branch master

No commits yet

Untracked files:
  (use "git add <file>..." to include in what will be committed)
        indice.txt
        indice2.txt

nothing added to commit but untracked files present (use "git add" to track)

lucasv.crifar@ED37009131P314 MINGW64 ~/libro (master)
$ git add indice2.txt
warning: in the working copy of 'indice2.txt', LF will be replaced by CRLF the next time Git touches it

lucasv.crifar@ED37009131P314 MINGW64 ~/libro (master)
$ git status
On branch master

No commits yet

Changes to be committed:
  (use "git rm --cached <file>..." to unstage)
        new file:   indice2.txt

Untracked files:
  (use "git add <file>..." to include in what will be committed)
        indice.txt
